#
# There is insufficient memory for the Java Runtime Environment to continue.
# Native memory allocation (mmap) failed to map 264241152 bytes for G1 virtual space
# Possible reasons:
#   The system is out of physical RAM or swap space
#   The process is running with CompressedOops enabled, and the Java Heap may be blocking the growth of the native heap
# Possible solutions:
#   Reduce memory load on the system
#   Increase physical memory or swap space
#   Check if swap backing store is full
#   Decrease Java heap size (-Xmx/-Xms)
#   Decrease number of Java threads
#   Decrease Java thread stack sizes (-Xss)
#   Set larger code cache with -XX:ReservedCodeCacheSize=
#   JVM is running with Zero Based Compressed Oops mode in which the Java heap is
#     placed in the first 32GB address space. The Java Heap base address is the
#     maximum limit for the native heap growth. Please use -XX:HeapBaseMinAddress
#     to set the Java Heap base and to place the Java Heap above 32GB virtual address.
# This output file may be truncated or incomplete.
#
#  Out of Memory Error (os_windows.cpp:3548), pid=22472, tid=18960
#
# JRE version:  (17.0.12+8) (build )
# Java VM: Java HotSpot(TM) 64-Bit Server VM (17.0.12+8-LTS-286, mixed mode, emulated-client, sharing, tiered, compressed oops, compressed class ptrs, g1 gc, windows-amd64)
# No core dump will be written. Minidumps are not enabled by default on client versions of Windows
#

---------------  S U M M A R Y ------------

Command Line: -XX:TieredStopAtLevel=1 -Dspring.output.ansi.enabled=always -Dcom.sun.management.jmxremote -Dspring.jmx.enabled=true -Dspring.liveBeansView.mbeanDomain -Dspring.application.admin.enabled=true -Dmanagement.endpoints.jmx.exposure.include=* -javaagent:C:\Program Files\JetBrains\IntelliJ IDEA 2026.1\lib\idea_rt.jar=65333 -Dfile.encoding=UTF-8 mx.edu.unpa.actividadesapi.ActividadesApiApplication

Host: 13th Gen Intel(R) Core(TM) i7-13620H, 16 cores, 15G,  Windows 11 , 64 bit Build 26100 (10.0.26100.7920)
Time: Fri Apr 17 11:11:40 2026 Hora estándar central (México) elapsed time: 2.058124 seconds (0d 0h 0m 2s)

---------------  T H R E A D  ---------------

Current thread (0x00000233e6868780):  JavaThread "Unknown thread" [_thread_in_vm, id=18960, stack(0x00000078d5500000,0x00000078d5600000)]

Stack: [0x00000078d5500000,0x00000078d5600000]
Native frames: (J=compiled Java code, j=interpreted, Vv=VM code, C=native code)
V  [jvm.dll+0x67a04a]
V  [jvm.dll+0x7da4ed]
V  [jvm.dll+0x7dbe33]
V  [jvm.dll+0x7dc4a3]
V  [jvm.dll+0x24508f]
V  [jvm.dll+0x677089]
V  [jvm.dll+0x66bd32]
V  [jvm.dll+0x301fa6]
V  [jvm.dll+0x309546]
V  [jvm.dll+0x359d2e]
V  [jvm.dll+0x359f5f]
V  [jvm.dll+0x2d9078]
V  [jvm.dll+0x2d9fe4]
V  [jvm.dll+0x7aca21]
V  [jvm.dll+0x367591]
V  [jvm.dll+0x78b999]
V  [jvm.dll+0x3ec83f]
V  [jvm.dll+0x3ee471]
C  [jli.dll+0x5297]
C  [ucrtbase.dll+0x37b0]
C  [KERNEL32.DLL+0x2e8d7]
C  [ntdll.dll+0x8c48c]


---------------  P R O C E S S  ---------------

Threads class SMR info:
_java_thread_list=0x00007ffe1d867a18, length=0, elements={
}

Java Threads: ( => current thread )

Other Threads:
  0x00000233e68d65a0 GCTaskThread "GC Thread#0" [stack: 0x00000078d5600000,0x00000078d5700000] [id=9844]
  0x00000233e68e6ee0 ConcurrentGCThread "G1 Main Marker" [stack: 0x00000078d5700000,0x00000078d5800000] [id=9412]
  0x00000233e68e83d0 ConcurrentGCThread "G1 Conc#0" [stack: 0x00000078d5800000,0x00000078d5900000] [id=4392]

[error occurred during error reporting (printing all threads), id 0xc0000005, EXCEPTION_ACCESS_VIOLATION (0xc0000005) at pc=0x00007ffe1d099b67]

VM state: not at safepoint (not fully initialized)

VM Mutex/Monitor currently owned by a thread:  ([mutex/lock_event])
[0x00000233e6864ca0] Heap_lock - owner thread: 0x00000233e6868780

Heap address: 0x0000000704a00000, size: 4022 MB, Compressed Oops mode: Zero based, Oop shift amount: 3

CDS archive(s) mapped at: [0x0000000000000000-0x0000000000000000-0x0000000000000000), size 0, SharedBaseAddress: 0x0000000800000000, ArchiveRelocationMode: 1.
Narrow klass base: 0x0000000000000000, Narrow klass shift: 0, Narrow klass range: 0x0

GC Precious Log:
<Empty>

Heap:
 garbage-first heap   total 0K, used 0K [0x0000000704a00000, 0x0000000800000000)
  region size 2048K, 0 young (0K), 0 survivors (0K)

[error occurred during error reporting (printing heap information), id 0xc0000005, EXCEPTION_ACCESS_VIOLATION (0xc0000005) at pc=0x00007ffe1d483859]

GC Heap History (0 events):
No events

Deoptimization events (0 events):
No events

Classes unloaded (0 events):
No events

Classes redefined (0 events):
No events

Internal exceptions (0 events):
No events

VM Operations (0 events):
No events

Events (1 events):
Event: 0.027 Loaded shared library C:\Program Files\Java\jdk-17\bin\java.dll


Dynamic libraries:
0x00007ff7af620000 - 0x00007ff7af630000 	C:\Program Files\Java\jdk-17\bin\java.exe
0x00007ffef85c0000 - 0x00007ffef8827000 	C:\WINDOWS\SYSTEM32\ntdll.dll
0x00007ffecb0a0000 - 0x00007ffecb0c1000 	C:\Program Files\Norton\Suite\aswhook.dll
0x00007ffef67b0000 - 0x00007ffef6879000 	C:\WINDOWS\System32\KERNEL32.DLL
0x00007ffef5540000 - 0x00007ffef5931000 	C:\WINDOWS\System32\KERNELBASE.dll
0x00007ffef4ea0000 - 0x00007ffef4feb000 	C:\WINDOWS\System32\ucrtbase.dll
0x00007ffeeceb0000 - 0x00007ffeececb000 	C:\Program Files\Java\jdk-17\bin\VCRUNTIME140.dll
0x00007ffef0470000 - 0x00007ffef0489000 	C:\Program Files\Java\jdk-17\bin\jli.dll
0x00007ffef65c0000 - 0x00007ffef667b000 	C:\WINDOWS\System32\ADVAPI32.dll
0x00007ffef7070000 - 0x00007ffef7119000 	C:\WINDOWS\System32\msvcrt.dll
0x00007ffef66f0000 - 0x00007ffef6797000 	C:\WINDOWS\System32\sechost.dll
0x00007ffef6ec0000 - 0x00007ffef6fd8000 	C:\WINDOWS\System32\RPCRT4.dll
0x00007ffef7150000 - 0x00007ffef7315000 	C:\WINDOWS\System32\USER32.dll
0x00007ffef5940000 - 0x00007ffef5967000 	C:\WINDOWS\System32\win32u.dll
0x00007ffef7120000 - 0x00007ffef714b000 	C:\WINDOWS\System32\GDI32.dll
0x00007ffeca070000 - 0x00007ffeca303000 	C:\WINDOWS\WinSxS\amd64_microsoft.windows.common-controls_6595b64144ccf1df_6.0.26100.8037_none_3e092faae333b53b\COMCTL32.dll
0x00007ffef4ff0000 - 0x00007ffef511b000 	C:\WINDOWS\System32\gdi32full.dll
0x00007ffef51b0000 - 0x00007ffef5253000 	C:\WINDOWS\System32\msvcp_win.dll
0x00007ffeec700000 - 0x00007ffeec70b000 	C:\WINDOWS\SYSTEM32\VERSION.dll
0x00007ffef6360000 - 0x00007ffef6391000 	C:\WINDOWS\System32\IMM32.DLL
0x00007ffeecea0000 - 0x00007ffeeceac000 	C:\Program Files\Java\jdk-17\bin\vcruntime140_1.dll
0x00007ffeb0a90000 - 0x00007ffeb0b1e000 	C:\Program Files\Java\jdk-17\bin\msvcp140.dll
0x00007ffe1cdb0000 - 0x00007ffe1d990000 	C:\Program Files\Java\jdk-17\bin\server\jvm.dll
0x00007ffef7bb0000 - 0x00007ffef7bb8000 	C:\WINDOWS\System32\PSAPI.DLL
0x00007ffeeb120000 - 0x00007ffeeb12a000 	C:\WINDOWS\SYSTEM32\WSOCK32.dll
0x00007ffee6070000 - 0x00007ffee60a5000 	C:\WINDOWS\SYSTEM32\WINMM.dll
0x00007ffef7fa0000 - 0x00007ffef8014000 	C:\WINDOWS\System32\WS2_32.dll
0x00007ffef3c20000 - 0x00007ffef3c3b000 	C:\WINDOWS\SYSTEM32\kernel.appcore.dll
0x00007ffeece90000 - 0x00007ffeece9a000 	C:\Program Files\Java\jdk-17\bin\jimage.dll
0x00007ffef2d70000 - 0x00007ffef2fb2000 	C:\WINDOWS\SYSTEM32\DBGHELP.DLL
0x00007ffef7c10000 - 0x00007ffef7f92000 	C:\WINDOWS\System32\combase.dll
0x00007ffef6dd0000 - 0x00007ffef6ea7000 	C:\WINDOWS\System32\OLEAUT32.dll
0x00007ffee9f90000 - 0x00007ffee9fcb000 	C:\WINDOWS\SYSTEM32\dbgcore.DLL
0x00007ffef5490000 - 0x00007ffef5535000 	C:\WINDOWS\System32\bcryptPrimitives.dll
0x00007ffe6dc40000 - 0x00007ffe6dc4e000 	C:\Program Files\Java\jdk-17\bin\instrument.dll
0x00007ffeece60000 - 0x00007ffeece85000 	C:\Program Files\Java\jdk-17\bin\java.dll

dbghelp: loaded successfully - version: 4.0.5 - missing functions: none
symbol engine: initialized successfully - sym options: 0x614 - pdb path: .;C:\Program Files\Java\jdk-17\bin;C:\WINDOWS\SYSTEM32;C:\Program Files\Norton\Suite;C:\WINDOWS\WinSxS\amd64_microsoft.windows.common-controls_6595b64144ccf1df_6.0.26100.8037_none_3e092faae333b53b;C:\Program Files\Java\jdk-17\bin\server

VM Arguments:
jvm_args: -XX:TieredStopAtLevel=1 -Dspring.output.ansi.enabled=always -Dcom.sun.management.jmxremote -Dspring.jmx.enabled=true -Dspring.liveBeansView.mbeanDomain -Dspring.application.admin.enabled=true -Dmanagement.endpoints.jmx.exposure.include=* -javaagent:C:\Program Files\JetBrains\IntelliJ IDEA 2026.1\lib\idea_rt.jar=65333 -Dfile.encoding=UTF-8 
java_command: mx.edu.unpa.actividadesapi.ActividadesApiApplication
java_class_path (initial): C:\Gestion actividades\Gestion-de-actividades-api\build\classes\java\main;C:\Gestion actividades\Gestion-de-actividades-api\build\resources\main;C:\Users\fabix\.gradle\caches\modules-2\files-2.1\org.projectlombok\lombok\1.18.38\57f8f5e02e92a30fd21b80cbd426a4172b5f8e29\lombok-1.18.38.jar;C:\Users\fabix\.gradle\caches\modules-2\files-2.1\org.springframework.boot\spring-boot-starter-web\3.4.5\54cb03e8615f0c10cd44b5b7d155af3d0be7d66a\spring-boot-starter-web-3.4.5.jar;C:\Users\fabix\.gradle\caches\modules-2\files-2.1\org.springframework.boot\spring-boot-starter-data-jpa\3.4.5\c6ef06dfef1b02f3e3f82d67118d3944672e7d49\spring-boot-starter-data-jpa-3.4.5.jar;C:\Users\fabix\.gradle\caches\modules-2\files-2.1\org.springframework.boot\spring-boot-starter-json\3.4.5\b7a87d4565c99754e0fcf4da405ebe3ab0870c88\spring-boot-starter-json-3.4.5.jar;C:\Users\fabix\.gradle\caches\modules-2\files-2.1\org.springframework.boot\spring-boot-starter\3.4.5\3b1cd30bd3be52f5fd0c0934882ec86ed4457646\spring-boot-starter-3.4.5.jar;C:\Users\fabix\.gradle\caches\modules-2\files-2.1\org.springframework.boot\spring-boot-starter-tomcat\3.4.5\d3121e25897969409967675c0c450dd3cad45162\spring-boot-starter-tomcat-3.4.5.jar;C:\Users\fabix\.gradle\caches\modules-2\files-2.1\org.springframework\spring-webmvc\6.2.6\48c37c417d00b9dc12e344892b206bbbf67f0945\spring-webmvc-6.2.6.jar;C:\Users\fabix\.gradle\caches\modules-2\files-2.1\org.springframework\spring-web\6.2.6\17a4f806e877a1064a2442fe7545b0036fb9550f\spring-web-6.2.6.jar;C:\Users\fabix\.gradle\caches\modules-2\files-2.1\org.springframework.boot\spring-boot-starter-jdbc\3.4.5\e361f635454d0694547cc226ece3aa10fde7ff2b\spring-boot-starter-jdbc-3.4.5.jar;C:\Users\fabix\.gradle\caches\modules-2\files-2.1\org.hibernate.orm\hibernate-core\6.6.13.Final\e7f1b2d53e89b9863dca12cd5f1b261ba413415b\hibernate-core-6.6.13.Final.jar;C:\Users\fabix\.gradle\caches\modules-2\files-2.1\org.springframework.data\spring-data-jpa\3.4.5\40000309bebdc0e4e2842
Launcher Type: SUN_STANDARD

[Global flags]
     intx CICompilerCount                          = 12                                        {product} {ergonomic}
     uint ConcGCThreads                            = 3                                         {product} {ergonomic}
     uint G1ConcRefinementThreads                  = 13                                        {product} {ergonomic}
   size_t G1HeapRegionSize                         = 2097152                                   {product} {ergonomic}
    uintx GCDrainStackTargetSize                   = 64                                        {product} {ergonomic}
   size_t InitialHeapSize                          = 264241152                                 {product} {ergonomic}
     bool ManagementServer                         = true                                      {product} {command line}
   size_t MarkStackSize                            = 4194304                                   {product} {ergonomic}
   size_t MaxHeapSize                              = 4217372672                                {product} {ergonomic}
   size_t MinHeapDeltaBytes                        = 2097152                                   {product} {ergonomic}
   size_t MinHeapSize                              = 8388608                                   {product} {ergonomic}
    uintx NonProfiledCodeHeapSize                  = 0                                      {pd product} {ergonomic}
     bool ProfileInterpreter                       = false                                  {pd product} {command line}
    uintx ProfiledCodeHeapSize                     = 0                                      {pd product} {ergonomic}
   size_t SoftMaxHeapSize                          = 4217372672                             {manageable} {ergonomic}
     intx TieredStopAtLevel                        = 1                                         {product} {command line}
     bool UseCompressedClassPointers               = true                           {product lp64_product} {ergonomic}
     bool UseCompressedOops                        = true                           {product lp64_product} {ergonomic}
     bool UseG1GC                                  = true                                      {product} {ergonomic}
     bool UseLargePagesIndividualAllocation        = false                                  {pd product} {ergonomic}

Logging:
Log output configuration:
 #0: stdout all=warning uptime,level,tags
 #1: stderr all=off uptime,level,tags

Environment Variables:
PATH=C:\Program Files\Common Files\Oracle\Java\javapath;C:\Program Files (x86)\Common Files\Oracle\Java\java8path;C:\Program Files (x86)\Common Files\Oracle\Java\javapath;C:\Windows\system32;C:\Windows;C:\Windows\System32\Wbem;C:\Windows\System32\WindowsPowerShell\v1.0\;C:\Windows\System32\OpenSSH\;C:\Program Files (x86)\NVIDIA Corporation\PhysX\Common;C:\Program Files\NVIDIA Corporation\NVIDIA NvDLISR;C:\WINDOWS\system32;C:\WINDOWS;C:\WINDOWS\System32\Wbem;C:\WINDOWS\System32\WindowsPowerShell\v1.0\;C:\WINDOWS\System32\OpenSSH\;C:\ProgramData\chocolatey\bin;C:\Program Files\Git\cmd;C:\Users\fabix\AppData\Local\nvm;C:\nvm4w\nodejs;C:\Program Files\MySQL\MySQL Shell 8.0\bin\;C:\Users\fabix\AppData\Local\Microsoft\WindowsApps;C:\Users\fabix\AppData\Roaming\npm;C:\Users\fabix\AppData\Local\GitHubDesktop\bin;C:\Users\fabix\AppData\Local\Programs\Microsoft VS Code\bin;C:\ghcup\bin;C:\Program Files\JetBrains\IntelliJ IDEA 2026.1\bin;C:\Users\fabix\AppData\Local\nvm;C:\nvm4w\nodejs
USERNAME=Vianey AzaLop
OS=Windows_NT
PROCESSOR_IDENTIFIER=Intel64 Family 6 Model 186 Stepping 2, GenuineIntel



---------------  S Y S T E M  ---------------

OS:
 Windows 11 , 64 bit Build 26100 (10.0.26100.7920)
OS uptime: 0 days 0:26 hours
Hyper-V role detected

CPU: total 16 (initial active 16) (8 cores per cpu, 2 threads per core) family 6 model 186 stepping 2 microcode 0x410e, cx8, cmov, fxsr, ht, mmx, 3dnowpref, sse, sse2, sse3, ssse3, sse4.1, sse4.2, popcnt, lzcnt, tsc, tscinvbit, avx, avx2, aes, erms, clmul, bmi1, bmi2, adx, sha, fma, vzeroupper, clflush, clflushopt, clwb, hv

Memory: 4k page, system-wide physical 16087M (2234M free)
TotalPageFile size 16087M (AvailPageFile size 144M)
current process WorkingSet (physical memory assigned to process): 13M, peak: 13M
current process commit charge ("private bytes"): 66M, peak: 318M

vm_info: Java HotSpot(TM) 64-Bit Server VM (17.0.12+8-LTS-286) for windows-amd64 JRE (17.0.12+8-LTS-286), built on Jun  5 2024 06:46:59 by "mach5one" with MS VC++ 17.6 (VS2022)

END.
